CCTV央视台球,https://epg.pw/stream/ca9c1cd4b97fb824cedd7fedfd0c7a950afdd7f00751cfbb7c2d89831d7746a5.m3u8
CCTV女性时尚,http://38.75.136.137:98/gslb/dsdqpub/nxss.m3u8?auth=testpub
CCTV怀旧剧场,http://38.75.136.137:98/gslb/dsdqpub/hjjc.m3u8?auth=testpub
CCTV第一剧场,https://epg.pw/stream/6d7bf281e3d739806a73f5373acaa6e01988ec9739f5ac1355ce54b47a928472.m3u8
CCTV风云足球,https://epg.pw/stream/ac8062ec9484078061d3bef507c15a423ac57ae4144e3fcc4b0a198dd420f911.m3u8
CGTN,https://0472.org/hls/cgtn.m3u8
CGTN俄语,https://0472.org/hls/cgtne.m3u8
CGTN法语,https://0472.org/hls/cgtnf.m3u8
CGTN纪录,https://0472.org/hls/cgtnd.m3u8
CGTN西语,https://0472.org/hls/cgtnx.m3u8
CGTN阿语,https://0472.org/hls/cgtna.m3u8
CCTV文化精品,http://107.150.60.122/live/ysjp.m3u8
中国交通,http://drive.mxmy.net:8888/udp/239.3.1.188:8001
兵器科技,http://38.75.136.137:98/gslb/dsdqpub/gfjs.m3u8?auth=testpub
熊猫直播,https://gcwbndali.v.myalicdn.com/gcwbnd/ipanda1000_2/index.m3u8
电视指南,http://38.75.136.137:98/gslb/dsdqpub/dszn.m3u8?auth=testpub
直播中国,https://gcalic.v.myalicdn.com/gc/wgw05_1/index.m3u8?contentid=2820180516001
风云剧场,http://38.75.136.137:98/gslb/dsdqpub/fyjc.m3u8?auth=testpub
风云音乐,http://38.75.136.137:98/gslb/dsdqpub/fyyy.m3u8?auth=testpub
高尔夫网球,http://38.75.136.137:98/gslb/dsdqpub/gefwq.m3u8?auth=testpub
支持作者,https://vd2.bdstatic.com/mda-scfjjr0gw3rrk0nm/sc/cae_h264/1773669284080863767/mda-scfjjr0gw3rrk0nm.mp4
兵团卫视,http://183.11.239.36:808/hls/7/index.m3u8
海峡卫视,http://8.138.7.223/tv/hxws.m3u8
农林卫视,http://120.76.248.139/live/bfgd/4200000122.m3u8
厦门卫视,http://183.11.239.36:808/hls/17/index.m3u8
延边卫视,http://120.76.248.139/live/bfgd/4200000117.m3u8
山东教育,https://test1.live.sdetv.com.cn/live/dianshizhibo/playlist.m3u8
东方卫视4K,https://bp-resource-dfl.bestv.cn/148/3/video.m3u8
北京卫视4K超,http://183.215.134.239:19901/tsfile/live/0122_1.m3u8?key=txiptv&playlive=1&authid=0
苏州4K,https://tylive.kan0512.com/norecord/csztv4k_4k.m3u8
CHC动作电影,http://38.75.136.137:98/gslb/dsdqpub/chcdz.m3u8?auth=testpub
CHC家庭影院,http://61.162.52.6:8088/newlive/live/hls/60/live.m3u8
无线星河,https://cdn6.101.qzz.io/163189/tvbxh
靖天戏剧,http://breezy-audrie-zspace-7524863c.koyeb.app/vipsir?token=leifeng&id=4gtv-4gtv058
靖天映画,http://breezy-audrie-zspace-7524863c.koyeb.app/vipsir?token=leifeng&id=4gtv-4gtv055
龙华电影,https://cdn8.163189.xyz/live/lhdy/stream.m3u8
AMC电影,http://61.221.215.25:8800/hls/43/index.m3u8
CHC电影,http://183.237.95.108:9901/tsfile/live/1008_1.m3u8?key=txiptv&playlive=0&authid=0
三七电影V,https://goodiptv.club/douyu/9457792
东阳影视生活,http://l.cztvcloud.com/channels/lantian/SXdongyang1/720p.m3u8
五分钟电影汇,https://goodiptv.club/douyu/8443438
人在囧途,https://vip.ffzy-play.com/20221018/1953_2d6ba500/index.m3u8
人在囧途之泰囧,https://vip.ffzy-play.com/20221018/1951_47e1adc8/index.m3u8
人在囧途之港囧,https://vip.ffzy-play7.com/20230112/11082_fde1a94d/index.m3u8
佛曰影视,https://goodiptv.club/douyu/9671758
倩女幽魂人间道,http://jsmov2.a.yximgs.com/bs3/video-hls/5250634317044855747_hlsb.m3u8
倩女幽魂妖魔道,http://jsmov2.a.yximgs.com/bs3/video-hls/5232901391302199073_hlsb.m3u8
倩女幽魂道道道,http://jsmov2.a.yximgs.com/bs3/video-hls/5216294367991385255_hlsb.m3u8
冰冰影剧,http://www.goodiptv.club/douyu/74374
刀刀影院,http://www.goodiptv.club/douyu/747764
刘哔电影,https://goodiptv.club/douyu/2632223
前任电影,https://goodiptv.club/douyu/9329242
华语影视,http://www.goodiptv.club/douyu/3928
发条张的电影最TOP,https://goodiptv.club/douyu/2164691
古装武侠,http://www.goodiptv.club/douyu/2793084
哈利影视,https://goodiptv.club/douyu/8475821
哈尔滨影视,http://stream.hrbtv.net/yspd/sd/live.m3u8?zheild
喜人电影,https://goodiptv.club/douyu/10348735
喜剧电影笑不停,https://goodiptv.club/douyu/10298856
噬元兽影视,https://goodiptv.club/douyu/8896723
四叶草影视,https://goodiptv.club/douyu/9446117
大米饭影视,https://goodiptv.club/douyu/9824094
大荒电影,https://goodiptv.club/douyu/3508538
奇怪电影,https://goodiptv.club/douyu/9440966
安徽影视,https://www.ahtv.cn/folder9000/folder20193?channelIndex=3
寒战,https://vip.ffzy-play6.com/20221019/157_bf0740ee/index.m3u8
小儛电影嘚啵嘚,https://goodiptv.club/douyu/8362978
广东影视,http://119.32.12.17:2901/udp/224.1.100.11:11111
影视梗大叔,https://goodiptv.club/douyu/9480648
影视英雄汇,https://goodiptv.club/douyu/10240495
影视集装箱,https://goodiptv.club/douyu/8651489
怪兽马提尼电影,https://goodiptv.club/douyu/9075333
怪味爆米花电影,https://goodiptv.club/douyu/9422144
我不是药神,https://vip.ffzy-play1.com/20221018/478_c3afed66/index.m3u8
拆弹专家1,https://vip.ffzy-online.com/20221015/719_80ff87c2/index.m3u8
拆弹专家2,https://vip.ffzy-online.com/20221015/722_e32c42bc/index.m3u8
斗鱼港剧,http://www.goodiptv.club/douyu/5061550
无际电影,https://goodiptv.club/douyu/9720498
有部电影儿,https://goodiptv.club/douyu/9736479
林九影视,https://goodiptv.club/douyu/7212528
橙记港剧,http://www.goodiptv.club/douyu/4549169
每日好电影V,https://goodiptv.club/douyu/9533302
浙江教科影视,https://ali-m-l.cztv.com/channels/lantian/channel004/1080p.m3u8
涛浪浪电影,https://goodiptv.club/douyu/5424258
淘剧场,http://zjzcf.synology.me:35455/bptv/10000100000000050000000003887497.m3u8
淘娱乐,http://zjzcf.synology.me:35455/bptv/10000100000000050000000003887499.m3u8
热门港剧,http://www.goodiptv.club/douyu/5522351
熊猫电影,https://goodiptv.club/douyu/3506483
爱星影视,https://goodiptv.club/douyu/9476806
狗毛电影,https://goodiptv.club/douyu/9356637
独立鱼电影,https://goodiptv.club/douyu/2413555
玖月影视,https://goodiptv.club/douyu/9339251
电影七十二变,https://goodiptv.club/douyu/9323164
电影先锋V,https://goodiptv.club/douyu/8711212
电影冷知识,https://goodiptv.club/douyu/9660835
电影刘德华,http://live.metshop.top/huya/11342424?cdn=alicdn
电影刘油果,https://goodiptv.club/douyu/3985805
电影动作电影,http://live.metshop.top/huya/11602077?cdn=alicdn
电影小班长,https://goodiptv.club/douyu/549693
电影幕后喵,https://goodiptv.club/douyu/8884074
电影搞笑喜剧,http://live.metshop.top/huya/11342423?cdn=alicdn
电影梁家辉,http://live.metshop.top/huya/11342429?cdn=alicdn
电影漩涡,https://goodiptv.club/douyu/8706350
电影犯罪片,http://live.metshop.top/huya/11352974?cdn=alicdn
电影笔记,https://goodiptv.club/douyu/9636034
电影蜘蛛侠,http://live.metshop.top/huya/21059599?cdn=alicdn
电影谍战,http://live.metshop.top/huya/21059585?cdn=alicdn
电影贺岁,http://live.metshop.top/huya/11601971?cdn=alicdn
电影迷小雅,https://goodiptv.club/douyu/9639225
粤语电影丶,https://goodiptv.club/douyu/1226741
经典剧集,http://www.goodiptv.club/douyu/6863367
经典电影,https://yylunbo.ottiptv.cc/yy/1414812324
维立方电影,https://goodiptv.club/douyu/8706393
美亚电影,https://live.tvfix.org/live/mydy/index.m3u8
老王的夜电影院,https://goodiptv.club/douyu/3498219
老电影故事,https://goodiptv.club/douyu/9167273
腹黑电影,https://goodiptv.club/douyu/8867878
莱纳电影,https://goodiptv.club/douyu/9356937
让子弹飞,https://vip.ffzy-play7.com/20230116/11563_b9f44814/index.m3u8
豆瓣电影,https://live.tvfix.org/live/cmc/index.m3u8
贝爷求生,http://www.goodiptv.club/douyu/9661369
贝爷求生影视,https://goodiptv.club/douyu/9661369
贰哥电影,https://goodiptv.club/douyu/9338867
辽宁影视剧,http://120.76.248.139/live/bfgd/4200000070.m3u8
逐梦电影,https://goodiptv.club/douyu/4058285
邵氏影院,http://www.goodiptv.club/douyu/4246519
野格影视,https://goodiptv.club/douyu/9931766
阿苏电影,https://goodiptv.club/douyu/9037784
韩国电影2,https://stream.ads.ottera.tv/playlist.m3u8?network_id=743
龙门飞甲,http://jsmov2.a.yximgs.com/bs3/video-hls/5203346449046555193_hlsb.m3u8
纪实科教8K,http://111.31.106.140/downflv.brtvcloud.com/8klive/8kliveok.m3u8
南国都市,https://tencentplay.gztv.com/live/nanguodushi.m3u8?txSecret=550af55c0ea34ce492748481415b6dfa&txTime=1903e7b17de
四川科教,http://182.150.115.21:8030/pcgacg/pcgacg_0.m3u8
新视觉,http://120.76.248.139/live/bfgd/4200000249.m3u8
纪实科教,http://120.76.248.139/live/bfgd/4200000113.m3u8
卡酷少儿,http://58.57.40.22:9901/tsfile/live/1060_1.m3u8
金鹰卡通,http://58.57.40.22:9901/tsfile/live/1059_1.m3u8
广东少儿,http://gmxw.7766.org:808/hls/175/index.m3u8
浙江少儿,https://ali-m-l.cztv.com/channels/lantian/channel008/1080p.m3u8
七龙珠,https://live.metshop.top/huya/11601966
中华小当家,https://live.metshop.top/huya/11342413
动画大师姐,https://goodiptv.club/douyu/9742136
动画魂,https://goodiptv.club/douyu/9393242
南京少儿,http://nklive.nbs.cn/hls/e0981f3f-1a20-4a59-b8d1-17feb83a4610/index.m3u8
武汉少儿频道,http://hzzzz530.com:4022/udp/239.69.1.6:9676
海绵宝宝,https://live.metshop.top/douyu/3949681
猫和老鼠,https://live.metshop.top/huya/11352879
福州少儿,http://live.zohi.tv/video/s10001-fztv-4/index.m3u8
立秋动画,https://goodiptv.club/douyu/10351891
韩国EBS少儿,http://ebsonairios.ebs.co.kr/ebsutablet500k/tablet500k/playlist.m3u8
黑龙江少儿,https://ls.qingting.fm/live/4972/64k.m3u8
11No巴蒂11,https://goodiptv.club/douyu/9455937
1900影剧室,https://goodiptv.club/douyu/7796193
3030相声小品,https://goodiptv.club/douyu/9286868
9iota,https://goodiptv.club/douyu/8881729
AK萌虎,https://goodiptv.club/douyu/4049310
Acer丶宏正,https://goodiptv.club/douyu/10670244
BetterMan北北,https://goodiptv.club/douyu/8507023
BuriedAlien的号,https://goodiptv.club/douyu/9440728
CF柒年,https://goodiptv.club/douyu/9087887
CmoStar,https://goodiptv.club/douyu/10282256
Co视文化,https://goodiptv.club/douyu/1060418
C座802,https://goodiptv.club/douyu/8768943
Devil青酱,https://goodiptv.club/douyu/9510544
FGO丶Master1,https://goodiptv.club/douyu/9477851
Fatal飞雪,https://goodiptv.club/douyu/8813596
JhZj丶天明,https://goodiptv.club/douyu/1006179
KBShinya,https://goodiptv.club/douyu/8970851
KUMA轻松熊博士,https://goodiptv.club/douyu/2282604
King大葱,https://goodiptv.club/douyu/2255521
KyoKyo不是QQ,https://goodiptv.club/douyu/4732337
LCPD拉登,https://goodiptv.club/douyu/9503015
LOUIS樱,https://goodiptv.club/douyu/9235284
LR1245,https://goodiptv.club/douyu/12534632
MJ小林大人嗷,https://goodiptv.club/douyu/9204381
MK青凌,https://goodiptv.club/douyu/9488836
MordonFreeman是谁,https://goodiptv.club/douyu/9524579
OE档案,https://goodiptv.club/douyu/6725858
OneGuy丶,https://goodiptv.club/douyu/9734098
Only丶邵氏,https://goodiptv.club/douyu/4246519
OooOlivia奥莉蕉,https://goodiptv.club/douyu/9678862
PhantomStrider,https://goodiptv.club/douyu/9683911
Poison丶冰冰,https://goodiptv.club/douyu/74374
Psyman塞门,https://goodiptv.club/douyu/9753585
QLIMES,https://goodiptv.club/douyu/1039732
RNDxc,https://goodiptv.club/douyu/4585643
Rabbit每日爆料,https://goodiptv.club/douyu/9685652
Starshine刹那,https://goodiptv.club/douyu/9191006
Svip丶YoYo,https://goodiptv.club/douyu/3472959
TFBOYS饭团,https://goodiptv.club/douyu/9565765
TSSS映画,https://goodiptv.club/douyu/9749339
TUOK肖恩,https://goodiptv.club/douyu/9392433
UP主DJC,https://goodiptv.club/douyu/9429545
W总动员,https://goodiptv.club/douyu/9480767
XCin888,https://goodiptv.club/douyu/3617935
YIKa777,https://goodiptv.club/douyu/8868213
dw151295068,https://goodiptv.club/douyu/12655359
e尔袏,https://goodiptv.club/douyu/12015111
fans圈娱乐,https://goodiptv.club/douyu/9630581
gslaini,https://goodiptv.club/douyu/6997954
illit礼,https://goodiptv.club/douyu/12065549
koanluowei,https://goodiptv.club/douyu/10906963
low君热剧,https://goodiptv.club/douyu/8461020
mad叶月Mashiro灬,https://goodiptv.club/douyu/9192932
mzx阿哲,https://goodiptv.club/douyu/9483965
sekai的光子,https://goodiptv.club/douyu/9564766
shhher,https://goodiptv.club/douyu/8733680
sweet夏有甜,https://goodiptv.club/douyu/4808115
一把钢刀镇斗虞,https://goodiptv.club/douyu/7356023
一束光开始,https://goodiptv.club/douyu/8662684
一条正弦sin,https://goodiptv.club/douyu/9497985
一条闲木鱼,https://goodiptv.club/douyu/10102281
一目十影,https://goodiptv.club/douyu/3643605
一颗咕咕星,https://goodiptv.club/douyu/9388557
一颗糖糖canddy,https://goodiptv.club/douyu/9192852
万合出品,https://goodiptv.club/douyu/9220456
万合鲜肉老师,https://goodiptv.club/douyu/9815091
三个老爸实验室,https://goodiptv.club/douyu/9090487
三代鹿人v,https://goodiptv.club/douyu/9629717
三国P陈建斌于和伟,https://goodiptv.club/douyu/12811995
三国颜老师,https://goodiptv.club/douyu/12253936
三斤呦,https://goodiptv.club/douyu/9047933
三新动漫,https://goodiptv.club/douyu/9548279
上来先丢大v,https://goodiptv.club/douyu/9566154
不会骑马的健身少年,https://goodiptv.club/douyu/8862198
不思异剧场,https://goodiptv.club/douyu/9297412
世界未解之谜M,https://goodiptv.club/douyu/9369468
世界纪录大全,https://goodiptv.club/douyu/9406359
丛林工程师,https://goodiptv.club/douyu/9804149
中二大帝妮可姬,https://goodiptv.club/douyu/9612400
中二的枫哲酱,https://goodiptv.club/douyu/9541849
丶最紧要好玩,https://goodiptv.club/douyu/6361974
丶清风浊酒丶,https://goodiptv.club/douyu/5918434
主播拍个肚皮,https://goodiptv.club/douyu/9387499
久远丶酱,https://goodiptv.club/douyu/9046649
乌拉吖有剧,https://goodiptv.club/douyu/10075154
九冢嵬,https://goodiptv.club/douyu/9393501
九颗鸭梨,https://goodiptv.club/douyu/12065801
书岳钓鱼,https://goodiptv.club/douyu/10100206
二次元fans鹿鹿,https://goodiptv.club/douyu/8661526
云襄白羽,https://goodiptv.club/douyu/10508677
京城笑工坊,https://goodiptv.club/douyu/10329324
亮亮也是酿酿,https://goodiptv.club/douyu/4340136
人生回答机本机,https://goodiptv.club/douyu/9409722
人类早期驯服,https://goodiptv.club/douyu/8892864
仓鼠大逃亡,https://goodiptv.club/douyu/10354920
伊太刀刀,https://goodiptv.club/douyu/747764
伊西wind,https://goodiptv.club/douyu/12641373
你真像个小丑,https://goodiptv.club/douyu/10730187
俩个麻瓜,https://goodiptv.club/douyu/10121755
倓张TanZ,https://goodiptv.club/douyu/9687221
傲天皇妃sama,https://goodiptv.club/douyu/2073
傲娇一喵喵,https://goodiptv.club/douyu/9392610
傲娇的超级赛亚人,https://goodiptv.club/douyu/4373285
关云猖,https://goodiptv.club/douyu/8820996
养狗的一浩,https://goodiptv.club/douyu/9478842
内蒙卡秋,https://goodiptv.club/douyu/9067858
内蒙古欢乐驿站,https://goodiptv.club/douyu/9365077
农村幺妹儿,https://goodiptv.club/douyu/9344884
农氏野钓,https://goodiptv.club/douyu/10103361
冥王星丶丶,https://goodiptv.club/douyu/296575
冰糖葫芦没放盐V,https://goodiptv.club/douyu/3505453
凤起青云,https://goodiptv.club/douyu/749124
刀刀de食堂,https://goodiptv.club/douyu/6733133
分享备用,https://goodiptv.club/douyu/5804577
刘也变z,https://goodiptv.club/douyu/9489079
刘松毅,https://goodiptv.club/douyu/12128227
创艺微视觉,https://goodiptv.club/douyu/12619211
利利川,https://goodiptv.club/douyu/9329249
别闹了美越,https://goodiptv.club/douyu/9548244
到远方旅行,https://goodiptv.club/douyu/9614588
制造show,https://goodiptv.club/douyu/9550226
剧燃有趣,https://goodiptv.club/douyu/10329702
剧能下饭鹰,https://goodiptv.club/douyu/11931032
剧透大爆炸,https://goodiptv.club/douyu/1739752
功夫联盟2020,https://goodiptv.club/douyu/9169624
动漫推荐i,https://goodiptv.club/douyu/5187099
助眠师海宝宝,https://goodiptv.club/douyu/1103328
励志少年派,https://goodiptv.club/douyu/8700367
勇敢的荒野人,https://goodiptv.club/douyu/9618038
勤时铭悦,https://goodiptv.club/douyu/8790357
千代语默,https://goodiptv.club/douyu/9484187
半打星冰乐,https://goodiptv.club/douyu/7481383
半藏同学,https://goodiptv.club/douyu/9372627
单纯的顺才少爷,https://goodiptv.club/douyu/10084875
卖女孩滴小姑凉,https://goodiptv.club/douyu/922564
南国小豆豆,https://goodiptv.club/douyu/3310454
卡皮君本人,https://goodiptv.club/douyu/9050486
卿离倾心,https://goodiptv.club/douyu/7286439
历史经典烩,https://goodiptv.club/douyu/9487003
压力洋哥,https://goodiptv.club/douyu/5297259
去种田的向凹凸,https://goodiptv.club/douyu/9570290
双笙陈元汐,https://goodiptv.club/douyu/6476693
只关于篮球的只老师,https://goodiptv.club/douyu/9367541
可乐家的老骑士,https://goodiptv.club/douyu/9958943
台球帝,https://goodiptv.club/douyu/10078171
史君观影,https://goodiptv.club/douyu/9644669
吃草莓的果子狸V,https://goodiptv.club/douyu/9382395
同学请坐吧,https://goodiptv.club/douyu/3736649
同行渔猎笔记,https://goodiptv.club/douyu/2718202
君笑坊,https://goodiptv.club/douyu/9444093
吟游诗人基德,https://goodiptv.club/douyu/9337049
吟笑派,https://goodiptv.club/douyu/2987100
吾恩5nn,https://goodiptv.club/douyu/9631914
周六野Zoey,https://goodiptv.club/douyu/8912150
周扒片,https://goodiptv.club/douyu/6434857
周杰伦颜老师,https://goodiptv.club/douyu/7537296
咆哮丶土拨鼠,https://goodiptv.club/douyu/9564230
和猫住丶,https://goodiptv.club/douyu/850030
咕噜咕噜剧,https://goodiptv.club/douyu/10082307
咸车,https://goodiptv.club/douyu/9498554
咸鱼翻身是另一面咸鱼,https://goodiptv.club/douyu/527076
哲忆丶,https://goodiptv.club/douyu/8977251
唐人探影,https://goodiptv.club/douyu/10371561
善逸丶,https://goodiptv.club/douyu/2067020
喝水少年孙十一,https://goodiptv.club/douyu/9619048
喵喵喵的猫酱酱,https://goodiptv.club/douyu/11179077
喵来啦V,https://goodiptv.club/douyu/8657669
国士无双人物传奇,https://goodiptv.club/douyu/9544555
国际吸猫协会,https://goodiptv.club/douyu/8657834
圈踢动漫,https://goodiptv.club/douyu/1952680
在下小苏Su,https://goodiptv.club/douyu/8658051
在回忆中寻找,https://goodiptv.club/douyu/12065601
培根悖论唠唠嗑,https://goodiptv.club/douyu/5354713
堇姑娘,https://goodiptv.club/douyu/297689
壹丨哥,https://goodiptv.club/douyu/5692901
夏利俊EWE路亚,https://goodiptv.club/douyu/9974427
外卖仙人成天,https://goodiptv.club/douyu/9498506
多发几个思雨,https://goodiptv.club/douyu/7256376
多巴安工作室,https://goodiptv.club/douyu/9446799
夜与白鲸V,https://goodiptv.club/douyu/9734515
大力学姐,https://goodiptv.club/douyu/8784719
大坑侦探社,https://goodiptv.club/douyu/9440339
大帅比陈雅楠,https://goodiptv.club/douyu/9718700
大庆在农村,https://goodiptv.club/douyu/9477316
大汁猪,https://goodiptv.club/douyu/9191071
大河庄一世繁华,https://goodiptv.club/douyu/9501548
大漠叔叔Dm,https://goodiptv.club/douyu/1109218
大熊观影,https://goodiptv.club/douyu/8851140
大狼狗刨祖坟,https://goodiptv.club/douyu/10217975
大胡子魏,https://goodiptv.club/douyu/8792763
大蓝雀,https://goodiptv.club/douyu/8656759
大雪压晴松,https://goodiptv.club/douyu/12618544
天JIANG,https://goodiptv.club/douyu/9455480
天才大熊猫啊,https://goodiptv.club/douyu/10646699
天才简史,https://goodiptv.club/douyu/8662915
天才霸总的狐崽崽,https://goodiptv.club/douyu/10394922
奇光主播,https://goodiptv.club/douyu/8009547
奇光主播e,https://goodiptv.club/douyu/11849873
奇兮兮悄陌,https://goodiptv.club/douyu/953193
奇妙博物馆,https://goodiptv.club/douyu/9409723
奇趣研究,https://goodiptv.club/douyu/8661456
奥雷卡尔克斯,https://goodiptv.club/douyu/1224356
女团社颜老师,https://goodiptv.club/douyu/11327316
妈见打ovo,https://goodiptv.club/douyu/9413151
娱乐新番,https://goodiptv.club/douyu/9564845
婧公子,https://goodiptv.club/douyu/9464182
孙毛毛Suny,https://goodiptv.club/douyu/9424103
孤独管,https://goodiptv.club/douyu/8972675
学徒郭昱麟,https://goodiptv.club/douyu/8871095
宇宙探索飞船,https://goodiptv.club/douyu/9456028
宇宙无敌韩三金,https://goodiptv.club/douyu/3194372
宇宙视界,https://goodiptv.club/douyu/9498354
安安601801,https://goodiptv.club/douyu/11283504
安琪儿的羽翼,https://goodiptv.club/douyu/9388783
宋小宝小品,https://goodiptv.club/douyu/9817729
宝蓝和朋友们,https://goodiptv.club/douyu/9283356
小三笠笠酱,https://goodiptv.club/douyu/9188696
小侠来了,https://goodiptv.club/douyu/9734042
小兰酱177,https://goodiptv.club/douyu/11490031
小刚学长o,https://goodiptv.club/douyu/9701497
小太V,https://goodiptv.club/douyu/9606954
小姐姐Bie跑哦,https://goodiptv.club/douyu/8666258
小小甜的骑士,https://goodiptv.club/douyu/9236042
小小鹿老师,https://goodiptv.club/douyu/9442889
小手枪Newhandgun,https://goodiptv.club/douyu/8943060
小明不背锅up,https://goodiptv.club/douyu/117854
小木鱼de妈妈,https://goodiptv.club/douyu/11199147
小毅主播A,https://goodiptv.club/douyu/12780285
小毅主播G,https://goodiptv.club/douyu/12811933
小猪优版剧院,https://goodiptv.club/douyu/10297898
小猪搞笑精选,https://goodiptv.club/douyu/10329752
小红在农村,https://goodiptv.club/douyu/1492444
小约翰可汗,https://goodiptv.club/douyu/9738854
小羊放映室,https://goodiptv.club/douyu/9433806
小艾大叔,https://goodiptv.club/douyu/9314668
小铁房乐队,https://goodiptv.club/douyu/9624976
小青放映社,https://goodiptv.club/douyu/9314689
小馒头叫包几,https://goodiptv.club/douyu/9028721
小鸭子老师,https://goodiptv.club/douyu/9627625
小鹏漫剪,https://goodiptv.club/douyu/9476810
小黑豹子啊,https://goodiptv.club/douyu/9458184
少女娜娜酱,https://goodiptv.club/douyu/9445557
少年阿虎233,https://goodiptv.club/douyu/9396762
少打白骨精,https://goodiptv.club/douyu/11531165
尚大人OwO,https://goodiptv.club/douyu/9656124
屁屁鲁男孩,https://goodiptv.club/douyu/708526
屁屁鸭家族LOVE,https://goodiptv.club/douyu/9461930
山下智博official,https://goodiptv.club/douyu/9186596
山里记,https://goodiptv.club/douyu/9410236
屿风体育,https://goodiptv.club/douyu/10329889
岚FLL,https://goodiptv.club/douyu/9409703
崔杋圭五颜一,https://goodiptv.club/douyu/8189873
崔然竣舞台天才,https://goodiptv.club/douyu/113158
巅峰球迷会,https://goodiptv.club/douyu/10417360
工藤新医heart,https://goodiptv.club/douyu/8741860
师落,https://goodiptv.club/douyu/6911044
庄尼兔拟音实验室,https://goodiptv.club/douyu/9546169
庆皇龙利余,https://goodiptv.club/douyu/9524210
开心嘴炮,https://goodiptv.club/douyu/9026377
开心逛剧场,https://goodiptv.club/douyu/10329310
开心锤锤动漫,https://goodiptv.club/douyu/9018297
开心麻花经典小品,https://goodiptv.club/douyu/10153463
张宇394795,https://goodiptv.club/douyu/7508566
弹吉他的Miumiu,https://goodiptv.club/douyu/4564166
当燕双鹰遇见李元芳,https://goodiptv.club/douyu/3439096
当铁手团遇到光复社,https://goodiptv.club/douyu/5875025
影子叔V,https://goodiptv.club/douyu/9446338
彼岸心属MADEIN伊藤美优,https://goodiptv.club/douyu/40471
往事vs随风1,https://goodiptv.club/douyu/3113309
律子桑,https://goodiptv.club/douyu/9371308
御前狼王顾云川,https://goodiptv.club/douyu/9517289
御魔君,https://goodiptv.club/douyu/9199976
徳彪的奇妙冒险,https://goodiptv.club/douyu/9145648
德井鱼,https://goodiptv.club/douyu/9184833
怠惰守夜,https://goodiptv.club/douyu/8842108
恰饭橘,https://goodiptv.club/douyu/7974136
悉奇,https://goodiptv.club/douyu/9401473
悬疑MOVIE,https://goodiptv.club/douyu/9601429
情感测试小分队,https://goodiptv.club/douyu/9697688
懂懂1234,https://goodiptv.club/douyu/8729614
懒猫是只喵,https://goodiptv.club/douyu/260322
戏晶SHOW,https://goodiptv.club/douyu/9565130
成龙历险纪,https://goodiptv.club/douyu/2287949
我为奥迪上黄金,https://goodiptv.club/douyu/9336286
我们可爱的程程,https://goodiptv.club/douyu/329667
我叫萌迪迪V,https://goodiptv.club/douyu/5354705
我是一只粽子啊啊,https://goodiptv.club/douyu/8867276
我是一只西瓜啊,https://goodiptv.club/douyu/9065082
我是怪异君V,https://goodiptv.club/douyu/10279570
我是瓜皮儿本人a,https://goodiptv.club/douyu/9665696
我的超能力女友,https://goodiptv.club/douyu/9501159
我砸晕了牛顿奥,https://goodiptv.club/douyu/1218414
戒喵中心,https://goodiptv.club/douyu/8658212
戴萌兔,https://goodiptv.club/douyu/9522315
户外老曹,https://goodiptv.club/douyu/9957389
扒圈圈V,https://goodiptv.club/douyu/9649913
打工战士SWEET,https://goodiptv.club/douyu/8795660
托尔兹桃花剑,https://goodiptv.club/douyu/8896743
挖沟连彭沟长,https://goodiptv.club/douyu/8413092
掌上Club,https://goodiptv.club/douyu/1770806
探奇录,https://goodiptv.club/douyu/9746763
搞笑天堂岛,https://goodiptv.club/douyu/6916081
搞笑孟文明,https://goodiptv.club/douyu/9766337
搞笑院长,https://goodiptv.club/douyu/8829915
政宗君de情敌,https://goodiptv.club/douyu/9624330
敢来碰我,https://goodiptv.club/douyu/10308225
数据库saber,https://goodiptv.club/douyu/9720506
文曰小强,https://goodiptv.club/douyu/2680501
斗鱼恐怖游戏合集,https://goodiptv.club/douyu/10401481
无才先生,https://goodiptv.club/douyu/8317571
旧梦随人心,https://goodiptv.club/douyu/692533
旺仔大哥哥阿,https://goodiptv.club/douyu/9629361
昆仑决KLF,https://goodiptv.club/douyu/1753007
昆特牌之大哥食正野,https://goodiptv.club/douyu/7919720
星空茶茶,https://goodiptv.club/douyu/8635497
是chshh,https://goodiptv.club/douyu/9570579
是不是Pro,https://goodiptv.club/douyu/9475113
是你的迷弟吖,https://goodiptv.club/douyu/7039598
是忆昔啊,https://goodiptv.club/douyu/9455518
是真的林虎LinHu,https://goodiptv.club/douyu/9540113
是纯洁上校,https://goodiptv.club/douyu/9666042
是脑洞君君君,https://goodiptv.club/douyu/9360149
晓晓666666,https://goodiptv.club/douyu/426517
暮肆Mousse,https://goodiptv.club/douyu/9634199
暴走兄弟v,https://goodiptv.club/douyu/9350960
暴走漫画,https://goodiptv.club/douyu/1275878
暴躁少女零九,https://goodiptv.club/douyu/9065302
曹小灵比比叨,https://goodiptv.club/douyu/10289400
月影Yueing212,https://goodiptv.club/douyu/8885525
有一辆立标奔驰,https://goodiptv.club/douyu/12442176
有趣视频分享,https://goodiptv.club/douyu/1816353
朔涵君,https://goodiptv.club/douyu/9354201
本主儿,https://goodiptv.club/douyu/9565677
李会长街溜子,https://goodiptv.club/douyu/9741805
李李李蚊香,https://goodiptv.club/douyu/4786399
村野趣事荟,https://goodiptv.club/douyu/5794474
来呀官人V,https://goodiptv.club/douyu/9986305
杨山羊goat,https://goodiptv.club/douyu/6300365
杰克大魔王V,https://goodiptv.club/douyu/9729740
林家渔妹,https://goodiptv.club/douyu/9348805
果冻lui,https://goodiptv.club/douyu/9191790
果冻萌萌的丶,https://goodiptv.club/douyu/9607934
枫泽雨畔,https://goodiptv.club/douyu/5279518
某声悠,https://goodiptv.club/douyu/8896100
柠柠柠萌菌,https://goodiptv.club/douyu/9720895
柠檬檬檬儿vlog,https://goodiptv.club/douyu/9624845
柳青瑶本尊,https://goodiptv.club/douyu/2281324
树根龙门阵,https://goodiptv.club/douyu/1833459
桀骜不驯认识,https://goodiptv.club/douyu/2041014
桃红梨白专栏,https://goodiptv.club/douyu/9568196
梦觉教游泳,https://goodiptv.club/douyu/4531679
植物椿de房间,https://goodiptv.club/douyu/9771247
楚汉炒果条丶,https://goodiptv.club/douyu/6785471
橘癫疯Oswald,https://goodiptv.club/douyu/8793544
橙记Orange丶,https://goodiptv.club/douyu/4549169
正直的陈易,https://goodiptv.club/douyu/9365118
武侠剧场,https://goodiptv.club/douyu/9285904
民工小代,https://goodiptv.club/douyu/9616619
永无叙V,https://goodiptv.club/douyu/9442980
永远快乐的小美女,https://goodiptv.club/douyu/6091425
求求扣扣困困,https://goodiptv.club/douyu/8795274
沉郁观影,https://goodiptv.club/douyu/9393577
油兔不二字幕组,https://goodiptv.club/douyu/8850453
泽静,https://goodiptv.club/douyu/9055742
洋房姐姐,https://goodiptv.club/douyu/9172774
洛飕飕,https://goodiptv.club/douyu/9543361
流小豆,https://goodiptv.club/douyu/2441228
流心影者,https://goodiptv.club/douyu/9447717
海森堡事件录,https://goodiptv.club/douyu/9754849
海王尼加拉,https://goodiptv.club/douyu/10039005
海男Rexv,https://goodiptv.club/douyu/9626732
涛哥测评,https://goodiptv.club/douyu/613850
淼漫迷,https://goodiptv.club/douyu/9455567
渔农泰叔,https://goodiptv.club/douyu/9348784
渔戈兄弟赶海,https://goodiptv.club/douyu/9091847
渔民老海,https://goodiptv.club/douyu/9272327
渚岸汐潮233,https://goodiptv.club/douyu/9518082
游钓中国李大毛,https://goodiptv.club/douyu/791411
湖南花戏,https://goodiptv.club/douyu/12091975
滑稽中二梦V,https://goodiptv.club/douyu/8829706
满汉女神Yangqi,https://goodiptv.club/douyu/9650246
漠漠fumiyo,https://goodiptv.club/douyu/8911070
潇湘公子L,https://goodiptv.club/douyu/9535657
潜伏sc,https://goodiptv.club/douyu/9458345
火柴人HyunsDojo,https://goodiptv.club/douyu/9430394
爆笑行为大赏,https://goodiptv.club/douyu/10329767
爪子drumdoll,https://goodiptv.club/douyu/6428730
爱好恐怖片的美男子,https://goodiptv.club/douyu/9280384
爱旅行的巧克力,https://goodiptv.club/douyu/9653323
爱玩客iVankr,https://goodiptv.club/douyu/317409
爱黏人的圆子,https://goodiptv.club/douyu/9576933
牛奶味的梦猪猪,https://goodiptv.club/douyu/5261342
犀利影评,https://goodiptv.club/douyu/9647845
狂拽酷炫,https://goodiptv.club/douyu/4332
狂阿弥爷,https://goodiptv.club/douyu/8975282
狄胖胖与李乖乖,https://goodiptv.club/douyu/12183882
猎奇笔记本,https://goodiptv.club/douyu/9627172
猛禽西伯利亚白猿,https://goodiptv.club/douyu/10074407
猪弟驸马爷,https://goodiptv.club/douyu/8862501
猪肉熟了,https://goodiptv.club/douyu/296836
猫记丶,https://goodiptv.club/douyu/9242659
王Li差点红,https://goodiptv.club/douyu/9348469
王德发的导演小阿伟,https://goodiptv.club/douyu/9430799
理娱打挺疼,https://goodiptv.club/douyu/2925563
瑟克斯潘克斯,https://goodiptv.club/douyu/9370434
瓦岗寨主坑爹李,https://goodiptv.club/douyu/7661496
甜漫妮666,https://goodiptv.club/douyu/1569773
甜粉粉的旅人呀,https://goodiptv.club/douyu/7335280
用户1275665728,https://goodiptv.club/douyu/9067836
用户1741994,https://goodiptv.club/douyu/12484968
用户2979101,https://goodiptv.club/douyu/9273031
用青春去旅行,https://goodiptv.club/douyu/9629423
田园小漠,https://goodiptv.club/douyu/8669435
田浅浅w,https://goodiptv.club/douyu/9747144
电视这个圈儿,https://goodiptv.club/douyu/9425669
画渣花小烙,https://goodiptv.club/douyu/9072066
疯狂小潴潴,https://goodiptv.club/douyu/5522351
疯狂尛潴潴,https://goodiptv.club/douyu/4290711
白马飞飞520,https://goodiptv.club/douyu/11756388
白鱼Sakana,https://goodiptv.club/douyu/9611771
百万巨星麒麟君,https://goodiptv.club/douyu/3431701
百态人间大赏,https://goodiptv.club/douyu/8724904
皮皮动漫星球,https://goodiptv.club/douyu/8841920
皮皮游戏时光,https://goodiptv.club/douyu/7553744
目及WATCHER,https://goodiptv.club/douyu/8712204
石头老纪,https://goodiptv.club/douyu/9047060
碎片记,https://goodiptv.club/douyu/9412981
祝晓晗,https://goodiptv.club/douyu/9575293
神奇的大智,https://goodiptv.club/douyu/9650047
神奇的老皮AmazingLP,https://goodiptv.club/douyu/8891285
神烦xp,https://goodiptv.club/douyu/8286679
神迹小霸霸,https://goodiptv.club/douyu/8837963
秋月剪水,https://goodiptv.club/douyu/9588891
科幻Fans布玛,https://goodiptv.club/douyu/3508304
科幻战舰,https://goodiptv.club/douyu/8772060
科技PRO,https://goodiptv.club/douyu/9446511
穆杉车话,https://goodiptv.club/douyu/9602107
竹儿公公,https://goodiptv.club/douyu/8807568
竹公子有礼了,https://goodiptv.club/douyu/8887432
竹内亮导演,https://goodiptv.club/douyu/8933612
竹叶的熊猫,https://goodiptv.club/douyu/3870925
笑笑笑团长,https://goodiptv.club/douyu/10329368
管哥视频,https://goodiptv.club/douyu/10181584
箩卜君,https://goodiptv.club/douyu/7495810
篮球之家老李,https://goodiptv.club/douyu/9170147
篮球人物,https://goodiptv.club/douyu/8434598
篮球小人物,https://goodiptv.club/douyu/9184257
篮球过人技巧,https://goodiptv.club/douyu/9406897
篮球长镜头,https://goodiptv.club/douyu/9399887
米尼影院,https://goodiptv.club/douyu/7642724
米粒儿动漫,https://goodiptv.club/douyu/9445279
粤男有话儿,https://goodiptv.club/douyu/8764282
粤知一二,https://goodiptv.club/douyu/2940299
粽子酱v,https://goodiptv.club/douyu/9390685
纪录片之家字幕组,https://goodiptv.club/douyu/8834003
纳豆奶奶666,https://goodiptv.club/douyu/8745628
经典拳赛,https://goodiptv.club/douyu/9412138
维塔利在野外,https://goodiptv.club/douyu/9804068
绿阿掌,https://goodiptv.club/douyu/2365
罗休休休,https://goodiptv.club/douyu/9403178
羊小川,https://goodiptv.club/douyu/11081842
美人而已,https://goodiptv.club/douyu/5138817
羽羊朩夂一,https://goodiptv.club/douyu/9533226
羽翼天使的挽歌,https://goodiptv.club/douyu/9193179
老段带你钓青鱼,https://goodiptv.club/douyu/10105639
老烟斗鬼故事,https://goodiptv.club/douyu/2337939
老王忆经典,https://goodiptv.club/douyu/9687733
老王追剧吧,https://goodiptv.club/douyu/9937291
老高与小茉的死忠粉,https://goodiptv.club/douyu/236461
耗子像个战神,https://goodiptv.club/douyu/1557288
胆子不小的郑吉祥,https://goodiptv.club/douyu/9171887
胡椒粉的胡歌,https://goodiptv.club/douyu/5448413
胥渡吧直播号,https://goodiptv.club/douyu/2040822
脑袋大1937,https://goodiptv.club/douyu/7655471
芒果酱Mangoo,https://goodiptv.club/douyu/138959
花町馆长,https://goodiptv.club/douyu/2295993
花花与三猫CatLive,https://goodiptv.club/douyu/7348194
苏八拉西吐槽屋,https://goodiptv.club/douyu/97643
英大吉来了,https://goodiptv.club/douyu/9174097
苹果Zei甜,https://goodiptv.club/douyu/1174353
茶啊二中官方,https://goodiptv.club/douyu/2925610
荒野万池王,https://goodiptv.club/douyu/9544576
荒野伊甸园,https://goodiptv.club/douyu/9611578
荒野动物园,https://goodiptv.club/douyu/9663833
荒野建筑指南,https://goodiptv.club/douyu/10226974
荒野视界,https://goodiptv.club/douyu/10675329
荒野避难所,https://goodiptv.club/douyu/10234334
菠萝屋SpongeBob,https://goodiptv.club/douyu/12400977
菠萝屋的海绵宝宝,https://goodiptv.club/douyu/3949681
萌宠妙妙屋,https://goodiptv.club/douyu/8653533
萌小鬼,https://goodiptv.club/douyu/3928
蓝光乐队,https://goodiptv.club/douyu/9572351
蓝星人一ET,https://goodiptv.club/douyu/9431727
蔡恩雨Priscilla,https://goodiptv.club/douyu/9662853
蔡老板家的长工丶,https://goodiptv.club/douyu/8869614
虾米大模王,https://goodiptv.club/douyu/102114
血小板呐呐,https://goodiptv.club/douyu/4285043
血腥丶妖瞳,https://goodiptv.club/douyu/4231787
见世君V,https://goodiptv.club/douyu/10220896
言官有本,https://goodiptv.club/douyu/9660124
许君聪经典小品,https://goodiptv.club/douyu/10419558
话很多的小姐姐们,https://goodiptv.club/douyu/8611011
话龙电竞,https://goodiptv.club/douyu/9957571
贾玲经典小品,https://goodiptv.club/douyu/10419541
赤焰男孩,https://goodiptv.club/douyu/9835644
赵本删不删,https://goodiptv.club/douyu/9837104
赵本山经典小品,https://goodiptv.club/douyu/9817716
赶海大弟,https://goodiptv.club/douyu/9348766
起来啦小躺,https://goodiptv.club/douyu/8849047
超wu的大白兔,https://goodiptv.club/douyu/2925299
趣评测李杰灵,https://goodiptv.club/douyu/751316
跟着盟哥去探秘,https://goodiptv.club/douyu/1178229
车模颜值大赏,https://goodiptv.club/douyu/10118209
过往1908,https://goodiptv.club/douyu/8721095
迷影至下Filmlast,https://goodiptv.club/douyu/9187596
追寻那解不开的问题,https://goodiptv.club/douyu/5727066
逍遥自在白辰皓,https://goodiptv.club/douyu/8859276
邸生,https://goodiptv.club/douyu/9665298
郑云工作室,https://goodiptv.club/douyu/2995636
酉晨君,https://goodiptv.club/douyu/9484541
酋知鱼,https://goodiptv.club/douyu/5408225
醉我天涯zwty,https://goodiptv.club/douyu/9479775
野灿baka,https://goodiptv.club/douyu/8867233
野生岛民,https://goodiptv.club/douyu/10217843
野行涛哥V,https://goodiptv.club/douyu/9329608
金枪娱,https://goodiptv.club/douyu/2798717
金渐层沈同学,https://goodiptv.club/douyu/9516467
钓鱼大锋子,https://goodiptv.club/douyu/10074370
钓鱼欧尼AnglerJJung,https://goodiptv.club/douyu/10616765
钟意嚼完唔松弟弟边炉,https://goodiptv.club/douyu/8912325
铁头与橘子,https://goodiptv.club/douyu/9450942
铁牛杰哥,https://goodiptv.club/douyu/8815425
铁甲影院,https://goodiptv.club/douyu/1274132
锅盖哒,https://goodiptv.club/douyu/9398828
长片短解,https://goodiptv.club/douyu/9410946
阿九筒的春天,https://goodiptv.club/douyu/3705679
阿依图娜,https://goodiptv.club/douyu/9047046
阿坤在努力,https://goodiptv.club/douyu/9407329
阿尔法是只边牧,https://goodiptv.club/douyu/8662812
陈瀚Siri,https://goodiptv.club/douyu/759805
隐紫大人不会吐槽,https://goodiptv.club/douyu/9207457
雨忆动漫,https://goodiptv.club/douyu/9568700
鞋荐JMJ,https://goodiptv.club/douyu/865331
音乐台长,https://goodiptv.club/douyu/9629943
顾止最爱的小胖宝贝,https://goodiptv.club/douyu/238643
预言家Alice,https://goodiptv.club/douyu/9483772
风云I人物志,https://goodiptv.club/douyu/9970047
香菜碎碎念鸭,https://goodiptv.club/douyu/9663665
马老师是马也Sama,https://goodiptv.club/douyu/8821892
高能恐怖片段君,https://goodiptv.club/douyu/10401475
魔术师丶西索,https://goodiptv.club/douyu/6610883
鯋鱼辰辰,https://goodiptv.club/douyu/7623292
鸡腿子软糖,https://goodiptv.club/douyu/8695854
鸡蛋高V,https://goodiptv.club/douyu/9367188
麦绿素dustdream,https://goodiptv.club/douyu/9336437
麻雀喳喳野行记,https://goodiptv.club/douyu/10088966
黄栗子Ye,https://goodiptv.club/douyu/9046097
黑T毒物,https://goodiptv.club/douyu/3579219
黑色脑回路,https://goodiptv.club/douyu/9339300
齐司礼,https://goodiptv.club/douyu/9481340
龙又z,https://goodiptv.club/douyu/9477915
龙大人不喷火zZ,https://goodiptv.club/douyu/9437298
龙组队长天昊,https://goodiptv.club/douyu/1487654
龙视开心麻花街,https://goodiptv.club/douyu/9374862
龙视本山快乐营,https://goodiptv.club/douyu/9374865
龙视欢乐英雄转,https://goodiptv.club/douyu/9374836
龙视爱笑会议室,https://goodiptv.club/douyu/9375430
龙视超级笑匠,https://goodiptv.club/douyu/9375450
龙馍馍UP,https://goodiptv.club/douyu/1717648
𬙊缘老给给,https://goodiptv.club/douyu/9543413
厦门卫视,https://epg.pw/stream/aa65dd411565991ace44f9e5934bd018fdd52122e052d471a363b6ee839e1079.ctv
延边卫视,https://srs.iyb983.cn/video/CYS/index.m3u8
安多卫视,https://liveout.xntv.tv/a65jur/96iln2.m3u8
山东教育,http://gslbmgsplive.miguvideo.com/migu/kailu/sdjyws/51/20250915/index.m3u8?msisdn=20250927080126244a72fa1b554182ae03568fff35bca7&mdspid=&spid=600697&netType=0&sid=5910022199&pid=2028597139&timestamp=20250927080126&Channel_ID=0116_2600000900-99000-201600010010027&ProgramID=609154353&ParentNodeID=-99&assertID=5910022199&client_ip=106.13.250.83&SecurityKey=20250927080126&promotionId=&mvid=2200208305&mcid=500020&playurlVersion=WX-A1-8.9.2-RELEASE&userid=&jmhm=&videocodec=h264&bean=mgspad&tid=android&conFee=0&puData=41ee1554c91427e91ee78ce8b64f7a33&ddCalcu=3431eae27e9f104565b48ce9c18472e7ee19
快乐垂钓,http://drive.mxmy.net:8888/udp/239.3.1.164:8001
七台河新闻综合,http://live.qthnews.org.cn:1935/live/live1/800k/tzwj_video.m3u8
七台河民生社教,http://live.qthnews.org.cn:1935/live/live2/800k/tzwj_video.m3u8
万州三峡移民,http://123.146.162.24:8017/c2F0hmi/1000/live.m3u8
万荣综合,http://60.222.246.220:19433/hls1.m3u8
三明新闻综合,http://ls.qingting.fm/live/4885.m3u8
上海新闻综合,https://mgtv.ottiptv.cc/migu/651632657.m3u8?migutoken=348c9164063c2b1df215dd2fa7cd92cb119d8a335ae0edfb5d615a6c714e71b669eee2f5ff1730afa92af7ca41d0aa96e3a280d7e5f2069eb8a3b852f3ebc270147489d7c8bfb08a7c4b9c4d80
上海第一财经,https://satellitepull.cnr.cn/live/wx32dycjgb/playlist.m3u8
上虞文化影院,http://l.cztvcloud.com/channels/lantian/SXshangyu2/720p.m3u8
上虞新商都,http://l.cztvcloud.com/channels/lantian/SXshangyu3/720p.m3u8
上虞新闻综合,http://l.cztvcloud.com/channels/lantian/SXshangyu1/720p.m3u8?zzhed
东丰综合,http://stream3.jlntv.cn:80/aac_dfgb/playlist.m3u8
东莞新闻综合,https://stream.sun0769.com/dgrtv1/mp4tv1_800/index.m3u8
东莞生活资讯,https://stream.sun0769.com/dgrtv1/mp4tv2_800/index.m3u8
中华特产,http://120.76.248.139/live/bfgd/4200000158.m3u8
中国蓝新闻,http://ali-m-l.cztv.com/channels/lantian/channel009/1080p.m3u8
临夏州综合,http://play.kankanlive.com/live/1714096320293954.m3u8
临颍综合,http://live.dxhmt.cn:9081/tv/11122-1.m3u8
义马新闻综合,http://tvpull.dxhmt.cn:9081/tv/11281-1.m3u8
之江纪录,https://ali-m-l.cztv.com/channels/lantian/channel012/1080p.m3u8
乐至综合,http://175.155.106.72:89/live1/live1.m3u8
九台综合,http://stream10.jlntv.cn/jiutaitv/sd/live.m3u8
云南娱乐,https://hwapi.yntv.net/62hdvf/q9vs1b.m3u8
云南都市,https://hwapi.yntv.net/62hdvf/rjwt14.m3u8
云和新闻综合,http://l.cztvcloud.com/channels/lantian/SXyunhe1/720p.m3u8
云霄综合,https://live.zzyxxw.com:2443/live/xwzh.m3u8
井研综合,http://tvfile.jyrmt.cn/nmip-media/channellive/channel104452/playlist.m3u8
亳州农村,http://zbbf2.ahbztv.com/live/418.m3u8
什邡新闻,http://live.sfrmt.com:85/live/zhpd.m3u8?zsicd
仁寿综合,https://play.scrstv.com.cn/DT/live.m3u8?auth_key=60001724663204-0-0-c1cc4ded9841ac34f63cdbd3aec647ef
任丘综合,https://jwcdnqx.hebyun.com.cn/live/rqtv1/1500k/tzwj_video.m3u8
伊犁哈萨克,http://110.153.180.106:55555/out_3/index.m3u8
伊犁经济法制,http://110.153.180.106:55555/out_4/index.m3u8
伊犁维吾尔,http://110.153.180.106:55555/out_2/index.m3u8
优优宝贝,http://120.76.248.139/live/bfgd/4200000153.m3u8
余姚姚江文化,https://l.cztvcloud.com/channels/lantian/SXyuyao3/720p.m3u8
余姚新闻综合,http://l.cztvcloud.com/channels/lantian/SXyuyao1/720p.m3u8
余姚综合,https://l.cztvcloud.com/channels/lantian/SXyuyao1/720p.m3u8
余杭未来E,http://l.cztvcloud.com/channels/lantian/SXyuhang3/720p.m3u8
余杭综合,http://l.cztvcloud.com/channels/lantian/SXyuhang1/720p.m3u8
偃师新闻,http://tvpull.dxhmt.cn:9081/tv/10381-1.m3u8
光山综合,http://tvpull.dxhmt.cn:9081/tv/11522-1.m3u8
六安公共,http://ls.qingting.fm/live/1794199.m3u8
六安新闻综合,http://ls.qingting.fm/live/267.m3u8
兰溪新闻综合,http://l.cztvcloud.com/channels/lantian/SXlanxi1/720p.m3u8
兰考新闻,http://tvpull.dxhmt.cn:9081/tv/10225-1.m3u8
兴隆综合,https://jwcdnqx.hebyun.com.cn/live/xlzh/1500k/tzwj_video.m3u8
兵团五师双河新闻综合,http://liveout.btzx.com.cn/62ds9e/4nxdih.m3u8?fbl=
兵团八师石河子新闻综合,http://124.88.144.73:1935/live/xwzh/playlist.m3u8?zxinjd
内乡综合,http://tvpull.dxhmt.cn:9081/tv/11325-1.m3u8?%E5%85%B3%E6%B3%A8%E5%BE%AE%E4%BF%A1%E5%85%AC%E4%BC%97%E5%8F%B7[%E6%99%B4%E5%9B%AD]
内蒙经济,https://ls.qingting.fm/live/1885/64k.m3u8
内黄综合,http://tvpull.dxhmt.cn:9081/tv/10527-1.m3u8
剑阁综合,https://m3u8.channel.dzsm.com/nmip-media/channellive/channel105549/playlist.m3u8
北京新闻,https://satellitepull.cnr.cn/live/wxbjxwgb/playlist.m3u8
北京生活,https://wstvcpudali.v.myalicdn.com/wstvcpud/udrmbtv7_1/index.m3u8?adapt=0&BR=audio
北京科教,http://player.cntv.cn/standard/live_HLSDRM20180606.swf?ChannelID=btv3&P2PChannelID=pd://cctv_p2p_hdbtv3
北京青年,http://player.cntv.cn/standard/live_HLSDRM20180919.swf?v=180.171.5.8.9.6.3.9&ChannelID=btv8&videoTVChannel=btv8&P2PChannelID=pd://cctv_p2p_hdbtv8&tai=btv8&VideoName=btv8&channelID=btv8
北海新闻综合,https://live.gxrb.com.cn/gx/beihai/index.m3u8
南京十八,https://mgtv.ottiptv.cc/migu/838151753.m3u8?migutoken=e1c3c9e2e67541d90ea94c4c917f96ecf43c6c0ae7c616929d8676e7c14bc5587ba870ce22575333640bfff61b05d4d468f6564c6251023f1ad20957cfe3b2c12e71b4662f83dce5d920a86c29
南京教科,http://nklive.nbs.cn/hls/75b3c462-b831-4de7-a34b-5d3221db2069/index.m3u8
南京新闻综合,http://nklive.nbs.cn/hls/d511bc9d-a694-4453-b3a2-4fc842cc97a1/index.m3u8
南国都市,http://tencentplay.gztv.com/live/nanguodushi.m3u8?txSecret=140110ae3d6c936a77f94c4f4d85b0d3&txTime=18d57929bd4
南宁都市生活,http://615bbf179ba53515dccad7b1da5d1ad9.livehwc3.cn/hls.nntv.cn/nnlive/WLSH_24.m3u8?sub_m3u8=true&edge_slice=true&user_session_id=2598844eaee8a4265e706fc14b3fc11d
南通新闻综合,https://mgtv.ottiptv.cc/migu/955227985.m3u8?migutoken=03e9c85f19b5ac291f5863436507873a8f47ec3c677c7857c89bda5778edc8e38fc38b4270aa374c49eee39b39ffaf80a20b750130c27760df766c0cf7b5d437be8dc60c1ced9117d98f6c9b3e
卫辉综合,http://tvpull.dxhmt.cn:9081/tv/10781-1.m3u8
双辽综合,http://stream3.jlntv.cn:80/aac_slgb/playlist.m3u8
叙州新闻综合,http://pili-live-hls.ybcxjd.com/jdh-live/2108111201035597.m3u8?zsicd
古县综合,https://l2fpdktp.live.sxmty.com/live/hls/e4c3b363cc4549788e2d983f403e07db/d99ce1eb686e41b9afc888110bd95aa7.m3u8?zshanxd
句容党建,http://jrlive.jrntv.com/live/_definst_/dangjians/playlist.m3u8?%E5%85%B3%E6%B3%A8%E5%BE%AE%E4%BF%A1%E5%85%AC%E4%BC%97%E5%8F%B7[%E6%99%B4%E5%9B%AD]
句容影院,http://jrlive.jrntv.com/live/_definst_/yingshis/chunklist_w1994429382.m3u8?zjiangsd
句容生活,http://jrlive.jrntv.com/live/_definst_/shenghuos/playlist.m3u8?%E5%85%B3%E6%B3%A8%E5%BE%AE%E4%BF%A1%E5%85%AC%E4%BC%97%E5%8F%B7[%E6%99%B4%E5%9B%AD]
可克达拉综合,http://file.loulannews.cn/nmip-media/channellive/channel103824/playlist.m3u8
叶县,http://tvpull.dxhmt.cn:9081/tv/10422-1.m3u8
合肥新闻,http://112.27.235.94:8000/hls/18/index.m3u8
吉林乡村,https://satellitepull.cnr.cn/live/wxjlxcgb/playlist.m3u8
名山综合,https://m3u8channel-bx.yunxya.com/nmip-media/channellive/channel104666/playlist.m3u8
周口扶沟,http://live.dxhmt.cn:9081/tv/11621-1.m3u8
哈密一套,https://tvpull.hmgbtv.com/hmtv/channel9cd66b3d5d258b2b.flv
哈密三套,https://tvpull.hmgbtv.com/hmtv/channelfb0e5c505477aa44/playlist.m3u8
哈密二套,https://tvpull.hmgbtv.com/hmtv/channel108259412c6a6711/playlist.m3u8
哈尔滨娱乐,https://stream.hrbtv.net/ylpd/sd/live.m3u8
哈尔滨新闻综合,http://stream.hrbtv.net/xwzh/sd/live.m3u8?zheild
哈尔滨生活,http://111.43.126.240:9003/hls/3/index.m3u8
哈尔滨资讯,http://stream.hrbtv.net/zxpd/sd/live.m3u8
哈尔滨都市咨询,http://stream.hrbtv.net/zxpd/sd/live.m3u8?zheild
唐河一套,http://tvpull.dxhmt.cn:9081/tv/11328-1.m3u8
嘉兴新闻综合,http://tvfile.jyrmt.cn:80/nmip-media/channellive/channel104452/playlist.m3u8
嘉峪关综合,http://play.kankanlive.com/live/1720583434627241.m3u8
四海钓鱼,http://120.76.248.139/live/bfgd/4200000229.m3u8
固始综合,http://tvpull.dxhmt.cn:9081/tv/11525-1.m3u8
固镇新闻,http://www.guzhenm.com:7001/hls/hd-live.m3u8?%E5%85%B3%E6%B3%A8%E5%BE%AE%E4%BF%A1%E5%85%AC%E4%BC%97%E5%8F%B7[%E6%99%B4%E5%9B%AD]
大宁综合,http://live.daningtv.com/aac_dngb/playlist.m3u8
天祝综合,https://play.kankanlive.com/live/1656487214793905.m3u8
太谷新闻综合,https://p2.vzan.com/slowlive/596867413819827251/live.m3u8?zbid=1725814272&tpid=1516989100&type=0
夹江新闻综合,http://tvfile.jjrm.org.cn/nmip-media/channellive/channel106282/playlist.m3u8?zsicd
奎屯哈萨克语,http://218.84.12.186:8002/hls/main/playlist.m3u8?zxinjd
宁夏经济,https://ls.qingting.fm/live/1841/64k.m3u8
安徽国际,https://www.ahtv.cn/folder9000/folder20193?channelIndex=6
安徽导视,http://dspdhls.appcoo.com:8888/live/dspd/index.m3u8
安徽综艺体育,http://112.27.235.94:8000/hls/25/index.m3u8
安顺新闻,http://hplayer1.juyun.tv/camera/154379194.m3u8
定襄综合,http://lbyzztfe.live.sxmty.com/live/hls/645ff4c60e0a49f0a203abbd73dd8be9/0720e665f10f48e98c9639f4f492fb4a-1.m3u8?zshanxd
宜兴新闻,http://yixing-tv-ori-hls.jstv.com/yixing-tv-ori/yixing_xw.m3u8
宜兴紫砂,http://3gvod.zjgonline.com.cn:1935/live/_definst_/xinwenzonghe_app/chunklist.m3u8
宜阳综合,http://tvpull.dxhmt.cn:9081/tv/10327-1.m3u8
宝丰综合,http://tvpull.dxhmt.cn:9081/tv/10421-1.m3u8
宾阳综合,http://pulls.myun.tv/live/0dkp33j5.m3u8
山东文旅,http://58.57.40.22:9901/tsfile/live/1023_1.m3u8
山东生活,http://ls.qingting.fm/live/60260.m3u8
嵊州新闻综合,http://l.cztvcloud.com/channels/lantian/SXshengzhou1/720p.m3u8?zzhed#http://l.cztvcloud.com/channels/lantian/SXshengzhou1/720p.m3u8
嵊泗综合,http://l.cztvcloud.com/channels/lantian/SXshengsi1/720p.m3u8
嵩县综合新闻,http://tvpull.dxhmt.cn:9081/tv/10325-1.m3u8?zhendhttp://wshls.live.migucloud.com/live/MZCYG799_C0/playlist.m3u8?zhend
巩义新闻综合,http://tvpull.dxhmt.cn:9081/tv/10181-1.m3u8
常熟民生,http://3gvod.zjgonline.com.cn:1935/live/_definst_/shehuishenghuo_app/chunklist.m3u8
平泉综合,https://jwcdnqx.hebyun.com.cn/live/pqzh/1500k/tzwj_video.m3u8
平湖新闻综合,http://l.cztvcloud.com/channels/lantian/SXpinghu1/720p.m3u8?zzhed
平湖民生休闲,http://l.cztvcloud.com/channels/lantian/SXpinghu2/720p.m3u8
平遥新闻综合,https://tntgjhjb.live.sxmty.com/live/hls/3a4585ac11ec4e1bb07b419101b370c3/baf63e2b313440c2a25d7859f9b73b05-1.m3u8?zshanxd
广东经济科教,http://119.32.12.17:2901/udp/224.1.100.6:11111
广元公共,https://m3u8.channel.dzsm.com/nmip-media/channellive/channel101257/playlist.m3u8
广元综合,https://m3u8.channel.dzsm.com/nmip-media/channellive/channel100999/playlist.m3u8
广安公共,http://live1.gatv.com.cn:85/live/GGPD.m3u8
广州新闻,http://tencentplay.gztv.com/live/xinwen.m3u8?txSecret=d2c2db0b598c02ec1b5623728434d367&txTime=18d57929bd3
广德生活,https://live.gdtv.ah.cn/live/newsTV.m3u8
广西国际,https://hlscdn.liangtv.cn/live/0234c48e0bc24fe1b41b9999a253e581/1075ee38e04f490690f6a36a16e09c79.m3u8
广西新闻,https://tv.gxtv.cn/channel/channelivePlay_9dfd8600075811e9ba67e41f13b60c62.html
庆元新闻综合,http://l.cztvcloud.com/channels/lantian/SXqingyuan1/720p.m3u8?fbl=
庆元综合,http://l.cztvcloud.com/channels/lantian/SXqingyuan1/720p.m3u8
延边2,http://stream5.jlntv.cn/wq/playlist.m3u8
开化国家公园,http://l.cztvcloud.com/channels/lantian/SXkaihua2/720p.m3u8
开化新闻综合,http://l.cztvcloud.com/channels/lantian/SXkaihua1/720p.m3u8?zzhed
开封文化旅游,http://tvpull.dxhmt.cn:9081/tv/10200-3.m3u8
开封新闻综合,http://tvpull.dxhmt.cn:9081/tv/10200-2.m3u8?zhend
德惠综合,http://stream11.jlntv.cn/dehuitv/sd/live.m3u8
怀仁综合,https://1yp7hc5p.live.sxmty.com/live/hls/bff8529922344209985b6e49baa9555a/efa2543628fc4a7ea93d3d6c975f77dc-1.m3u8
成县综合,https://play.kankanlive.com/live/1702454377323961.m3u8
扶沟综合,http://tvpull.dxhmt.cn:9081/tv/11621-1.m3u8
敦化一套,http://stream8.jlntv.cn/dhtv/playlist.m3u8
数码时代,http://ali-m-l.cztv.com/channels/lantian/channel12/720p.m3u8?zzhed
文山州公共,http://m3u8.channel.wsrtv.com.cn/cms/videos/nmip-media/channellive/channel8/playlist.m3u8
文山州新闻综合,http://m3u8.channel.wsrtv.com.cn/cms/videos/nmip-media/channellive/channel7/playlist.m3u8?zyund
文成新闻综合,http://l.cztvcloud.com/channels/lantian/SXwencheng1/720p.m3u8
文成综合,http://l.cztvcloud.com/channels/lantian/SXwencheng1/720p.m3u8?zzhed
新乡县电视台,http://tvpull.dxhmt.cn:9081/tv/10721-1.m3u8?%E5%85%B3%E6%B3%A8%E5%BE%AE%E4%BF%A1%E5%85%AC%E4%BC%97%E5%8F%B7[%E6%99%B4%E5%9B%AD]
新县综合,http://tvpull.dxhmt.cn:9081/tv/11523-1.m3u8
新安新闻综合,http://tvpull.dxhmt.cn:9081/tv/10323-1.m3u8
新昌新闻综合,https://l.cztvcloud.com/channels/lantian/SXxinchang1/720p.m3u8
新昌生活,http://l.cztvcloud.com/channels/lantian/SXxinchang2/720p.m3u8
新沂新闻,http://live.xysrmt.cn/xwzh/sd/live.m3u8?zjiangsd"
新沂生活,http://live.xysrmt.cn/shpd/sd/live.m3u8?zjiangsd
新蔡综合,http://tvpull.dxhmt.cn:9081/tv/11729-1.m3u8
新野综合,http://tvpull.dxhmt.cn:9081/tv/11329-1.m3u8
新闻综合,https://m3u8channel.yunxya.com/nmip-media/channellive/channel100028/playlist.m3u8
方城一套,http://tvpull.dxhmt.cn:9081/tv/11322-1.m3u8
无锡娱乐,https://stream.thmz.com/wxtv2/playlist.m3u8
无锡新闻综合,http://stream.thmz.com/wxtv1/playlist.m3u8
无锡生活,https://stream.thmz.com/wxtv4/playlist.m3u8
无锡经济,https://stream.thmz.com/wxtv5/playlist.m3u8
无锡都市资讯,http://stream.thmz.com/wxtv3/playlist.m3u8
旺苍新闻综合,http://channel.wcrmt.cn:80/nmip-media/channellive/channel105268/playlist.m3u8
昌黎综合,https://jwcdnqx.hebyun.com.cn/live/clzhpd/1500k/tzwj_video.m3u8
易门综合,https://zb-live.ynurl.com/yimen/3b75a2f9-7941-46b7-992d-a9796fbca5fe.m3u8
普陀新闻综合,http://l.cztvcloud.com/channels/lantian/SXputuo1/720p.m3u8
普陀电视台,https://l.cztvcloud.com/channels/lantian/SXputuo1/720p.m3u8
景泰综合,https://play.kankanlive.com/live/1624439143745981.m3u8?zgand
朝天综合,https://m3u8.channel.dzsm.com/nmip-media/channellive/channel104601/playlist.m3u8
朝阳新闻综合,http://120.76.248.139/live/bfgd/4200000282.m3u8
来宾综合,http://zb.gxlbamc.com:1935/live/lbzh.stream/playlist.m3u8
松潘新闻综合,http://live.spccmc.com:90/live/spxwzh.m3u8
松阳综合,http://l.cztvcloud.com/channels/lantian/SXsongyang1/720p.m3u8
柳河综合,http://stream3.jlntv.cn:80/aac_lhgb/sd/live.m3u8
桦甸综合,http://stream9.jlntv.cn:80/aac_huadiangb/playlist.m3u8
梅河口综合,http://stream3.jlntv.cn:80/aac_mhkgb/playlist.m3u8
梨园,https://dxtx.hntv.tv/live/lypd.m3u8?txSecret=10c771842a0be59e8b575d765173ec96&txTime=7B923E0A&wsSecret=41543190cdf375f1c73207222bb96542&wsTime=1769313549
武义新闻综合,http://l.cztvcloud.com/channels/lantian/SXwuyi1/720p.m3u8
武乡新闻综合,http://uzoiczhh.live.sxmty.com/live/hls/0d41f1480c4042d49927858f01fde707/53130407737b417b9a6259b57246bae3.m3u8?zshanxd
武威新闻,https://play.kankanlive.com/live/1693539781636986.m3u8
武汉一台新闻综合,https://ls.qingting.fm/live/20198/64k.m3u8
武清综合,https://tvpull.smartwq.cn/wqlive/convergencemedia/playlist.m3u8?ztianjd
武进新闻,https://live.wjyanghu.com/live/CH1.m3u8
武进生活,http://live.wjyanghu.com/live/CH2.m3u8
永嘉新闻综合,http://l.cztvcloud.com/channels/lantian/SXyongjia1/720p.m3u8
永城综合,http://tvpull.dxhmt.cn:9081/tv/11481-1.m3u8
永昌综合,https://play.kankanlive.com/live/1652755738635915.m3u8
江夏新闻综合,http://59.175.226.142:280/gb28181/xwzh.m3u8?zhubd
江苏城市,http://gslbmgsplive.miguvideo.com/wd_r2/jstv/jschengshi/600/index.m3u8?msisdn=202509030900312c5ad926e30449e5b9405f27a3fde9a6&mdspid=&spid=699067&netType=0&sid=5500260508&pid=2028597139&timestamp=20250903090031&Channel_ID=0116_2600037000-99000-200300220100002&ProgramID=626064714&ParentNodeID=-99&assertID=5500260508&client_ip=106.13.250.83&SecurityKey=20250903090031&promotionId=&mvid=5100186409&mcid=500020&playurlVersion=WX-A1-8.8.1-RELEASE&userid=&jmhm=&videocodec=h264&bean=mgspad&tid=android&conFee=0&puData=3712225a575d903704881b6443f50a06&ddCalcu=6307va1a02x52af2354a4567b51d89804307&sv=10004&ct=android
江苏教育,http://gslbmgsplive.miguvideo.com/wd_r2/jstv/jsjiaoyu/600/index.m3u8?msisdn=20250903090031d7e536b9e78c4a42b0841922e44a4a36&mdspid=&spid=699067&netType=0&sid=5500287493&pid=2028597139&timestamp=20250903090031&Channel_ID=0116_2600037000-99000-200300220100002&ProgramID=628008321&ParentNodeID=-99&assertID=5500287493&client_ip=106.13.250.83&SecurityKey=20250903090031&promotionId=&mvid=5101012819&mcid=500020&playurlVersion=WX-A1-8.8.1-RELEASE&userid=&jmhm=&videocodec=h264&bean=mgspad&tid=android&conFee=0&puData=d3e3bd992ebf554d360ba9b83b9b179d&ddCalcu=dd93v7ea13bbba9db93982be9bafb505643d&sv=10004&ct=android
汪清综合,http://stream5.jlntv.cn/wq/sd/live.m3u8
汶川新闻综合,http://live.iwcmt.cn:90/live/zhxw.m3u8
沁阳新闻综合,http://tvpull.dxhmt.cn:9081/tv/10882-1.m3u8
沐川综合,http://file.ysxtv.cn/cms/videos/nmip-media/channellive/channel4/playlist.m3u8?zsicd
沭阳综合,https://shuyang-tv-hls.cm.jstv.com:443/shuyang-tv/shuyangzh.m3u8
河北农民,https://ls.qingting.fm/live/1650/64k.m3u8
河北都市,https://radio.pull.hebtv.com/live/hebnczx.m3u8
泌阳新闻综合,http://tvpull.dxhmt.cn:9081/tv/11726-1.m3u8
泗洪新闻综合,http://live1.habctv.com/ggpdsl/sd/live.m3u8?zjiangsd#http://live1.habctv.com/ggpdsl/sd/live.m3u8
泗阳综合,http://3739115337.cloudvdn.com/a.m3u8?domain=siyang-tv-hls.cm.jstv.com&player=nwEAAKHdjSKP_58X&secondToken=secondToken%3A5FUijZmDyNMxtCDdne0YzSAwjuw&streamid=siyang-tv%3Asiyang-tv%2Fsiyangzh&v3=1
泸县新闻综合,http://lxfile.lxxcb.cn/nmip-media/channellive/channel103799/playlist.m3u8
洞头综合,http://l.cztvcloud.com/channels/lantian/SXdongtou1/720p.m3u8
津南一套,http://play.jinnantv.top/live/JNTV1.m3u8?ztianjd
济源电视一套,http://tvpull.dxhmt.cn:9081/tv/19001-1.m3u8
浙江休闲台,http://ali-m-l.cztv.com/channels/lantian/channel006/720p.m3u8
浙江公共新闻,https://ali-m-l.cztv.com/channels/lantian/channel007/1080p.m3u8
浙江国际,https://ali-m-l.cztv.com/channels/lantian/channel010/1080p.m3u8
浙江教科,http://ali-m-l.cztv.com/channels/lantian/channel004/1080p.m3u8
浙江教育,http://ali-m-l.cztv.com/channels/lantian/channel04/720p.m3u8
浙江数码时代,http://ali-m-l.cztv.com/channels/lantian/channel12/720p.m3u8
浙江新闻,http://ali-m-l.cztv.com/channels/lantian/channel07/720p.m3u8
浙江民生,http://ali-m-l.cztv.com/channels/lantian/channel06/720p.m3u8
浙江民生休闲,https://ali-m-l.cztv.com/channels/lantian/channel006/1080p.m3u8
浙江生活,http://ls.qingting.fm/live/1099.m3u8
浙江留学,http://ali-vl.cztv.com/channels/lantian/channel009/360p.m3u8
浙江经济,http://ali-m-l.cztv.com/channels/lantian/channel03/720p.m3u8
浙江经济生活,http://l.cztvcloud.com/channels/lantian/SXxiaoshan2/720p.m3u8
浙江经视,https://ali-m-l.cztv.com/channels/lantian/channel003/1080p.m3u8
浙江遂昌,http://l.cztvcloud.com/channels/lantian/SXsuichang1/720p.m3u8
浙江钱江,http://l.cztvcloud.com/channels/lantian/SXyuyao2/720p.m3u8
浙江钱江都市,https://ali-m-l.cztv.com/channels/lantian/channel002/1080p.m3u8
浙江钱江频道,http://ali-m-l.cztv.com/channels/lantian/channel02/1080p.m3u8
海南新闻,http://ls.qingting.fm/live/1861.m3u8
海宁新闻综合,https://p2hs.vzan.com/slowlive/317913155078575177/live.m3u8
涟水电视台综合,https://lianshui-tv-hls.cm.jstv.com:443/lianshui-tv/lsxw.m3u8
淅川电视,http://live.dxhmt.cn:9081/tv/11326-1.m3u8
淮安影院娱乐,http://live1.habctv.com/ysylsl/sd/live.m3u8
淮安新闻综合,https://mgtv.ottiptv.cc/migu/639731826.m3u8?migutoken=383a4690d772fe16ccec98f2da2e7e0c3b362ae2d9a0fa219e9a7bb76bb96d4ca6392f861efb0a61154552c563897f4660867745735f85e310ec9fb52d7fc55cd30da8d55169f8c415c5a69a15
淮阴综合,https://huaiyin-tv-replay.cm.jstv.com/huaiyin-tv/huaiyinf.m3u8
清河经济综艺,https://jwcdnqx.hebyun.com.cn/live/qinghe1/1500k/tzwj_video.m3u8
渑池新闻综合,http://tvpull.dxhmt.cn:9081/tv/11221-1.m3u8
温县综合,http://tvpull.dxhmt.cn:9081/tv/10825-1.m3u8
渭源新闻,http://play.kankanlive.com/live/1720408280309109.m3u8
湖南国际,http://phonehw.qing.mgtv.com/nn_live/nn_x64/dWlwPTEwMy4zOS4yMjYuMTAwJnFpZD0mY2RuZXhfaWQ9aHdfcGhvbmUmcz0zYTExOGIwNDMyM2Y3Y2EyYjAyZDFjOTE3Yjc4YmU1YSZ1aWQ9JnV1aWQ9OGE4MjU5MWIyOWJkZGMzYWJiNDIxMzFjMmRhNTlkYjMtNjcyN2UyNjQmdj0yJmFzPTAmZXM9MTc0MDQwODkzNA,,/HNGJMPP360.m3u8
湖南电视剧,http://phonehw.qing.mgtv.com/nn_live/nn_x64/dWlwPTEwMy4zOS4yMjYuMTAwJnFpZD0mY2RuZXhfaWQ9aHdfcGhvbmUmcz0yODUxNGViMDMzMTQxNjdjYTNiMzYxNjlmNTRmOGYzMSZ1aWQ9JnV1aWQ9ZTRkODgyNGE1YzQ4ZjVkOGQ4MjRmMWRjYzdlOGRlMWUtNjcyN2UyNjQmdj0yJmFzPTAmZXM9MTc0MDQwMTU5Nw,,/HNDSJMPP360.m3u8
湖州公共民生,http://hzcm-live.media.hugd.com/1e6b554b9ab74513958c0e1ffe664d22/9acaa7634309494cb29a85eb12136607.m3u8?auth_key=2272900830-9a2389b8bf4e49d580d4ad807423d326-0-ea78a5c7a678c436263582d368f5009e
湖州文化娱乐,http://hzcm-live.media.hugd.com/613c47f0ab0d4eaa98b21378d0db6ded/0051d31c9dd543a7825eea4e49675b2a.m3u8?auth_key=2277598059-0a5ebfa1c0dc4671b42a60810fc37039-0-fa625b7d1feab612062453c12e3c8887
湖州新闻综合,http://hzcm-live.media.hugd.com/3f5fa7d64c7c46a38c6bd8ad35e836cc/65128273761b4731ae53729ea6dcf932.m3u8?auth_key=2277598215-9d21c15111244bea8d298c361d31a72e-0-d031198f58d44b0e91ba2e3f3b188865
溧水新闻综合,https://mgtv.ottiptv.cc/migu/639737327.m3u8?migutoken=4c07b7afe94ad06d114a6bccae5747804d493ab7b1100069e485b78d3cb91c0fb0dbd92aa90a6157d7066e5b90780fabf5e150e17ebb9bc72b8bb18f43c5acddd1c0fd4d1904a99210aa962135
滑县新闻,http://tvpull.dxhmt.cn:9081/tv/10526-1.m3u8?%E5%85%B3%E6%B3%A8%E5%BE%AE%E4%BF%A1%E5%85%AC%E4%BC%97%E5%8F%B7[%E6%99%B4%E5%9B%AD]
滦平新闻,http://jwplay.hebyun.com.cn/live/LPTV001/1500k/tzwj_video.m3u8
滨海新闻综合,http://traffic.jbh.tjbh.com/live/bhtv10/playlist.m3u8
潢川综合,http://tvpull.dxhmt.cn:9081/tv/11526-1.m3u8
灌阳新闻综合,https://ls.qingting.fm/live/5043/64k.m3u8
灵宝新闻综合,http://tvpull.dxhmt.cn:9081/tv/11282-1.m3u8?zhend
烟台公共,http://live.yantaitv.cn/live/e50f104a4ffe4a41b2217cbda534146f/d86092e69df94668b33390278b061700-1.m3u8
Page not found · GitHub Pages




404
File not found

        The site configured at this address does not
        contain the requested file.
      

        If this is your site,make sure that the filename case matches the URL
烟台新闻综合,http://live.yantaitv.cn/live/3e81a8879da44c5dadf3bd9c10468e1c/9b776d420ee4438199b7657c8eb88f07-1.m3u8
